app/admin/page.tsx(434,136): error TS7006: Parameter 'i' implicitly has an 'any' type.
app/admin/page.tsx(434,195): error TS7006: Parameter 'id' implicitly has an 'any' type.
app/admin/page.tsx(435,133): error TS7006: Parameter 'i' implicitly has an 'any' type.
app/admin/page.tsx(435,190): error TS7006: Parameter 'id' implicitly has an 'any' type.
